<p>The project information:</p>
<table class="project-info">
<tr><th colspan=2>Project Info: The core project</th></tr>
  <tr><th>Artifact name</th><td>happy-path</td></tr>
  <tr><th>Version</th><td>0.1.0-SNAPSHOT</th></tr>
  <tr><th>JDK versions</th><td>OpenJDK 8</td></tr>
  <tr><th>Scala versions</th><td>2.12, 2.13</td></tr>
  <tr><th>JPMS module name</th><td>alpakka.core</td></tr>
  <tr><th>Readiness level</th><td><div class='readiness-level'><a href="https://www.lightbend.com/subscription">Lightbend</a> provides Developer Support</div>
  <div>Since 0.22, 2018-11-22</div>
  </td></tr>
  <tr><th>Release notes</th><td><a href="https://github.com/lightbend/sbt-paradox-project-info/releases">Github releases</a></td></tr>
  <tr><th>Issues</th><td><a href="https://github.com/lightbend/sbt-paradox-project-info/issues">Github issues</a></td></tr>
</table>

<hr/>
<table class="project-info">
<tr><th colspan=2>Project Info: testkit</th></tr>
  <tr><th>Artifact name</th><td>happy-path</td></tr>
  <tr><th>Version</th><td>0.1.0-SNAPSHOT</th></tr>
  <tr><th>JDK versions</th><td>OpenJDK 8</td></tr>
  <tr><th>Scala versions</th><td>2.12, 2.13</td></tr>
  <tr><th>JPMS module name</th><td>alpakka.core</td></tr>
  <tr><th>Readiness level</th><td><div class='readiness-level'>Incubating</div>
  <div>Since 0.16, 2018-11-22</div>
  </td></tr>
  
</table>
